2026-10-07 19:21:20.635 20311 INFO   main.c:150                Running pgcopydb version 0.18 from "/usr/local/bin/pgcopydb"
2026-10-07 19:21:20.636 20311 INFO   cli_common.c:1394         [SOURCE] Copying database from "postgres://doadmin@127.0.0.1:55432/privs?sslmode=disable&keepalives=1&keepalives_idle=10&keepalives_interval=10&keepalives_count=60"
2026-10-07 19:21:20.636 20311 INFO   cli_common.c:1395         [TARGET] Copying database into "postgres://doadmin@127.0.0.1:55433/privs?sslmode=disable&keepalives=1&keepalives_idle=10&keepalives_interval=10&keepalives_count=60"
2026-10-07 19:21:20.781 20311 INFO   pgsql.c:5470              Creating publication "upwell_s02_full"
2026-10-07 19:21:20.803 20311 INFO   pgsql.c:4145              Created logical replication slot "upwell_s02_full" with plugin "pgoutput" at 0/32F77A70 and exported snapshot 00000003-000040EB-1
2026-10-07 19:21:20.804 20311 INFO   ld_store.c:110            Creating output CDC file "/var/tmp/upwell-spike/runs/s02/full/clone/cdc/00000001-00000000-32F77A70-output.db"
2026-10-07 19:21:20.817 20311 INFO   ld_stream.c:2347          Created logical replication origin "upwell_s02_full" at LSN 0/32F77A70
2026-10-07 19:21:20.892 20311 INFO   copydb_schema.c:776       Fetched information for 2 tables (including 0 tables split in 0 partitions total), with an estimated total of 60 053 tuples and 4216 kB on-disk
2026-10-07 19:21:20.916 20311 INFO   copydb_schema.c:999       Fetched information for 3 indexes (supporting 2 constraints)
2026-10-07 19:21:20.919 20311 INFO   sequences.c:78            Fetching information for 1 sequences
2026-10-07 19:21:20.924 20311 INFO   copydb_schema.c:1242      Fetched information for 1 extensions
2026-10-07 19:21:20.984 20311 INFO   copydb_schema.c:1717      Found 0 indexes (supporting 0 constraints) in the target database
2026-10-07 19:21:20.995 20334 INFO   cli_clone_follow.c:981    STEP 1: fetch source database tables, indexes, and sequences
2026-10-07 19:21:21.002 20336 INFO   ld_stream.c:847           Resuming streaming at LSN 0/32F77A70 (sentinel startpos)
2026-10-07 19:21:21.002 20337 INFO   ld_apply.c:1374           Waiting until the pgcopydb sentinel apply is enabled
2026-10-07 19:21:21.011 20336 INFO   ld_stream.c:870           Replication slot "upwell_s02_full" current lsn is 0/32F77A38
2026-10-07 19:21:21.027 20336 INFO   ld_store.c:110            Opening output CDC file "/var/tmp/upwell-spike/runs/s02/full/clone/cdc/00000001-00000000-32F77A70-output.db"
2026-10-07 19:21:21.037 20336 INFO   pgsql.c:4864              Reported write_lsn 0/32F77A70, flush_lsn 0/32F77A70, replay_lsn 0/0
2026-10-07 19:21:21.105 20334 INFO   copydb_schema.c:1717      Found 0 indexes (supporting 0 constraints) in the target database
2026-10-07 19:21:21.106 20334 INFO   cli_clone_follow.c:1022   STEP 2: dump the source database schema (pre/post data)
2026-10-07 19:21:21.107 20334 INFO   pgcmd.c:470                /usr/bin/pg_dump -Fc --snapshot 00000003-000040EB-1 --section=pre-data --section=post-data --file /var/tmp/upwell-spike/runs/s02/full/clone/schema/schema.dump 'postgres://doadmin@127.0.0.1:55432/privs?sslmode=disable&keepalives=1&keepalives_idle=10&keepalives_interval=10&keepalives_count=60'
2026-10-07 19:21:21.208 20334 INFO   cli_clone_follow.c:1030   STEP 3: restore the pre-data section to the target database
2026-10-07 19:21:21.249 20334 INFO   pgcmd.c:1030               /usr/bin/pg_restore --dbname 'postgres://doadmin@127.0.0.1:55433/privs?sslmode=disable&keepalives=1&keepalives_idle=10&keepalives_interval=10&keepalives_count=60' --section pre-data --jobs 2 --no-owner --use-list /var/tmp/upwell-spike/runs/s02/full/clone/schema/pre-filtered.list /var/tmp/upwell-spike/runs/s02/full/clone/schema/schema.dump
2026-10-07 19:21:21.355 20369 INFO   vacuum.c:166              STEP 8: starting 2 VACUUM processes
2026-10-07 19:21:21.357 20367 INFO   table-data.c:708          STEP 4: starting 2 table-data COPY processes
2026-10-07 19:21:21.358 20334 INFO   blobs.c:74                Skipping large objects: none found.
2026-10-07 19:21:21.363 20334 INFO   sequences.c:194           STEP 9: reset sequences values
2026-10-07 19:21:21.364 20368 INFO   indexes.c:218             STEP 6: starting 2 CREATE INDEX processes
2026-10-07 19:21:21.364 20368 INFO   indexes.c:219             STEP 7: constraints are built by the CREATE INDEX processes
2026-10-07 19:21:21.364 20379 INFO   sequences.c:290           Set sequences values on the target database
2026-10-07 19:21:21.767 20334 INFO   cli_clone_follow.c:1046   STEP 10: restore the post-data section to the target database
2026-10-07 19:21:21.808 20334 INFO   pgcmd.c:1030               /usr/bin/pg_restore --dbname 'postgres://doadmin@127.0.0.1:55433/privs?sslmode=disable&keepalives=1&keepalives_idle=10&keepalives_interval=10&keepalives_count=60' --section post-data --jobs 2 --no-owner --use-list /var/tmp/upwell-spike/runs/s02/full/clone/schema/post-filtered.list /var/tmp/upwell-spike/runs/s02/full/clone/schema/schema.dump
2026-10-07 19:21:22.091 20334 INFO   cli_clone_follow.c:1061   Updating the pgcopydb.sentinel to enable applying changes
2026-10-07 19:21:22.092 20334 INFO   cli_clone_follow.c:1077   All step are now done, 986ms elapsed
2026-10-07 19:21:22.092 20334 INFO   summary.c:3631            Printing summary for 2 tables and 3 indexes

  OID | Schema |   Name | Parts | copy duration | transmitted bytes | indexes | create index 
------+--------+--------+-------+---------------+-------------------+---------+-------------
16557 | public |  items |     1 |          25ms |            711 kB |       1 |         21ms
16548 | public | orders |     1 |          57ms |           1543 kB |       2 |         21ms


                                               Step   Connection    Duration    Transfer   Concurrency
 --------------------------------------------------   ----------  ----------  ----------  ------------
   Catalog Queries (table ordering, filtering, etc)       source       107ms                         1
                                        Dump Schema       source       101ms                         1
                                     Prepare Schema       target       132ms                         1
      COPY, INDEX, CONSTRAINTS, VACUUM (wall clock)         both       424ms                         6
                                  COPY (cumulative)         both        82ms     2255 kB             2
                          CREATE INDEX (cumulative)       target        40ms                         2
                           CONSTRAINTS (cumulative)       target         2ms                         2
                                VACUUM (cumulative)       target        98ms                         2
                                    Reset Sequences         both        13ms                         1
                         Large Objects (cumulative)         both         0ms                         4
                                    Finalize Schema         both       322ms                         2
 --------------------------------------------------   ----------  ----------  ----------  ------------
                          Total Wall Clock Duration         both       986ms                        12

2026-10-07 19:21:23.007 20337 INFO   ld_apply.c:1384           The pgcopydb sentinel has enabled applying changes
2026-10-07 19:21:23.024 20337 INFO   ld_apply.c:2489           Setting up previous LSN from replication origin "upwell_s02_full" progress at 0/32F77A70
2026-10-07 19:21:23.026 20337 INFO   ld_store.c:110            Opening output CDC file "/var/tmp/upwell-spike/runs/s02/full/clone/cdc/00000001-00000000-32F77A70-output.db"
2026-10-07 19:21:23.026 20337 INFO   ld_store.c:165            Creating replay CDC file "/var/tmp/upwell-spike/runs/s02/full/clone/cdc/00000001-00000000-32F77A70-replay.db"
2026-10-07 19:21:23.031 20337 INFO   ld_apply.c:1260           Catchup-up with changes from LSN 0/32F77A70
2026-10-07 19:21:23.040 20337 INFO   ld_apply.c:203            Applying CDC changes from replayDB "/var/tmp/upwell-spike/runs/s02/full/clone/cdc/00000001-00000000-32F77A70-replay.db" after LSN 0/32F77A70
2026-10-07 19:21:31.027 20336 INFO   ld_stream.c:1211          Now streaming changes for WAL segment "000000010000000000000032"
2026-10-07 19:21:31.128 20336 INFO   pgsql.c:4864              Reported write_lsn 0/32F80730, flush_lsn 0/32F7A998, replay_lsn 0/32F7A998
2026-10-07 19:21:42.127 20336 INFO   pgsql.c:4864              Reported write_lsn 0/32F9AE90, flush_lsn 0/32F7EBB8, replay_lsn 0/32F7EBB8
2026-10-07 19:21:42.827 21102 INFO   main.c:150                Running pgcopydb version 0.18 from "/usr/local/bin/pgcopydb"
2026-10-07 19:21:42.841 21102 INFO   cli_sentinel.c:600        Fetched endpos 0/32F9AE90 from source database
2026-10-07 19:21:42.851 21102 INFO   cli_sentinel.c:650        pgcopydb sentinel endpos has been set to 0/32F9AE90
0/32F9AE90
2026-10-07 19:21:52.137 20336 INFO   pgsql.c:4855              endpos is now set to 0/32F9AE90
2026-10-07 19:21:52.137 20336 INFO   pgsql.c:4864              Reported write_lsn 0/32F9AE90, flush_lsn 0/32F82EF8, replay_lsn 0/32F82EF8
2026-10-07 19:21:53.825 20336 INFO   pgsql.c:4864              Reported write_lsn 0/32F9AEC8, flush_lsn 0/32F83798, replay_lsn 0/32F83798
2026-10-07 19:21:53.841 20336 INFO   ld_stream.c:1251          streamCloseFile: receive done at 0/32F9AEC8, signalling transform
2026-10-07 19:21:53.842 20336 INFO   ld_stream.c:727           Streamed up to write_lsn 0/32F9AEC8, flush_lsn 0/32F83798, stopping: endpos is 0/32F9AE90
2026-10-07 19:21:53.842 20337 INFO   ld_stream.c:487           Upstream done signal received: final LSN 0/32F9AEC8
2026-10-07 19:21:53.842 20336 INFO   sentinel.c:853            pipeline_state_end: receive done at 0/32F9AE90
2026-10-07 19:21:53.842 20336 INFO   follow.c:738              Prefetch process has terminated
2026-10-07 19:21:53.962 20337 INFO   sentinel.c:853            pipeline_state_end: apply done at 0/32F9AE90
2026-10-07 19:21:53.963 20337 INFO   follow.c:797              Apply process has terminated
2026-10-07 19:21:54.032 20335 INFO   follow.c:671              Subprocesses for receive and apply have now all exited
2026-10-07 19:21:54.032 20335 INFO   follow.c:279              Current sentinel replay_lsn is 0/32F9AE90, endpos has now been set to 0/32F9AE90
2026-10-07 19:21:54.032 20335 INFO   follow.c:461              Current endpos 0/32F9AE90 has been reached at replay_lsn 0/32F9AE90
2026-10-07 19:21:54.032 20335 INFO   follow.c:367              Follow mode is now done, reached endpos 0/32F9AE90 with replay_lsn 0/32F9AE90
2026-10-07 19:21:54.334 20311 INFO   copydb_schema.c:376       A previous run has run through completion
2026-10-07 19:21:54.334 20311 INFO   copydb_schema.c:50        Re-using catalog caches
2026-10-07 19:21:54.334 20311 INFO   sequences.c:290           Reset sequences values on the target database
2026-10-07 19:21:54.335 20311 INFO   sequences.c:78            Fetching information for 1 sequences
