2026-10-07 21:51:53.976 30049 INFO   main.c:150                Running pgcopydb version 0.18 from "/usr/local/bin/pgcopydb"
2026-10-07 21:51:53.977 30049 INFO   cli_common.c:1394         [SOURCE] Copying database from "postgres://doadmin@127.0.0.1:55432/skip?sslmode=disable&keepalives=1&keepalives_idle=10&keepalives_interval=10&keepalives_count=60"
2026-10-07 21:51:53.977 30049 INFO   cli_common.c:1395         [TARGET] Copying database into "postgres://doadmin@127.0.0.1:55433/skip?sslmode=disable&keepalives=1&keepalives_idle=10&keepalives_interval=10&keepalives_count=60"
2026-10-07 21:51:54.037 30049 INFO   pgsql.c:5470              Creating publication "upwell_s09_quiet"
2026-10-07 21:51:54.061 30049 INFO   pgsql.c:4145              Created logical replication slot "upwell_s09_quiet" with plugin "pgoutput" at 2/33D1CD10 and exported snapshot 00000003-0001141E-1
2026-10-07 21:51:54.063 30049 INFO   ld_store.c:110            Creating output CDC file "/var/tmp/upwell-spike/runs/s09-quiet/clone/cdc/00000001-00000002-33D1CD10-output.db"
2026-10-07 21:51:54.078 30049 INFO   ld_stream.c:2347          Created logical replication origin "upwell_s09_quiet" at LSN 2/33D1CD10
2026-10-07 21:51:54.147 30049 INFO   copydb_schema.c:776       Fetched information for 3 tables (including 0 tables split in 0 partitions total), with an estimated total of 2 999 tuples and 280 kB on-disk
2026-10-07 21:51:54.157 30049 INFO   copydb_schema.c:999       Fetched information for 4 indexes (supporting 3 constraints)
2026-10-07 21:51:54.160 30049 INFO   sequences.c:78            Fetching information for 1 sequences
2026-10-07 21:51:54.164 30049 INFO   copydb_schema.c:1242      Fetched information for 1 extensions
2026-10-07 21:51:54.203 30049 INFO   copydb_schema.c:1717      Found 0 indexes (supporting 0 constraints) in the target database
2026-10-07 21:51:54.214 30067 INFO   cli_clone_follow.c:981    STEP 1: fetch source database tables, indexes, and sequences
2026-10-07 21:51:54.218 30068 INFO   ld_ipc.c:101              Listening on TCP socket: 127.0.0.1:57009
2026-10-07 21:51:54.218 30068 INFO   follow_coordinator.c:43   Follow coordinator listening on 127.0.0.1:57009
2026-10-07 21:51:54.220 30069 INFO   ld_stream.c:847           Resuming streaming at LSN 2/33D1CD10 (sentinel startpos)
2026-10-07 21:51:54.220 30070 INFO   ld_apply.c:1374           Waiting until the pgcopydb sentinel apply is enabled
2026-10-07 21:51:54.231 30069 INFO   ld_stream.c:870           Replication slot "upwell_s09_quiet" current lsn is 2/33D1CCD8
2026-10-07 21:51:54.241 30069 INFO   ld_store.c:110            Opening output CDC file "/var/tmp/upwell-spike/runs/s09-quiet/clone/cdc/00000001-00000002-33D1CD10-output.db"
2026-10-07 21:51:54.242 30069 INFO   pgsql.c:4864              Reported write_lsn 2/33D1CD10, flush_lsn 2/33D1CD10, replay_lsn 0/0
2026-10-07 21:51:54.272 30067 INFO   copydb_schema.c:1717      Found 0 indexes (supporting 0 constraints) in the target database
2026-10-07 21:51:54.273 30067 INFO   cli_clone_follow.c:1022   STEP 2: dump the source database schema (pre/post data)
2026-10-07 21:51:54.274 30067 INFO   pgcmd.c:470                /usr/bin/pg_dump -Fc --snapshot 00000003-0001141E-1 --section=pre-data --section=post-data --file /var/tmp/upwell-spike/runs/s09-quiet/clone/schema/schema.dump 'postgres://doadmin@127.0.0.1:55432/skip?sslmode=disable&keepalives=1&keepalives_idle=10&keepalives_interval=10&keepalives_count=60'
2026-10-07 21:51:54.365 30067 INFO   cli_clone_follow.c:1030   STEP 3: restore the pre-data section to the target database
2026-10-07 21:51:54.406 30067 INFO   pgcmd.c:1030               /usr/bin/pg_restore --dbname 'postgres://doadmin@127.0.0.1:55433/skip?sslmode=disable&keepalives=1&keepalives_idle=10&keepalives_interval=10&keepalives_count=60' --section pre-data --jobs 4 --no-owner --use-list /var/tmp/upwell-spike/runs/s09-quiet/clone/schema/pre-filtered.list /var/tmp/upwell-spike/runs/s09-quiet/clone/schema/schema.dump
2026-10-07 21:51:54.500 30100 INFO   vacuum.c:166              STEP 8: starting 4 VACUUM processes
2026-10-07 21:51:54.500 30098 INFO   table-data.c:708          STEP 4: starting 4 table-data COPY processes
2026-10-07 21:51:54.507 30067 INFO   blobs.c:74                Skipping large objects: none found.
2026-10-07 21:51:54.511 30099 INFO   indexes.c:218             STEP 6: starting 4 CREATE INDEX processes
2026-10-07 21:51:54.511 30099 INFO   indexes.c:219             STEP 7: constraints are built by the CREATE INDEX processes
2026-10-07 21:51:54.517 30067 INFO   sequences.c:194           STEP 9: reset sequences values
2026-10-07 21:51:54.518 30121 INFO   sequences.c:290           Set sequences values on the target database
2026-10-07 21:51:59.624 30116 ERROR  catalog.c:11039           Failed to execute statement: update summary set done_time_epoch = $1, duration = $2 where pid = $3 and conoid = $4
2026-10-07 21:51:59.624 30116 ERROR  catalog.c:11049           [SQLite 5: database is locked]: database is locked
2026-10-07 21:51:59.624 30116 ERROR  catalog.c:11006           Failed to execute SQLite query, see above for details
2026-10-07 21:51:59.624 30116 ERROR  catalog.c:6505            Failed to iterate over list of indexes, see above for details
2026-10-07 21:51:59.624 30116 ERROR  indexes.c:532             Failed to create constraints for table public.orders
2026-10-07 21:51:59.624 30116 ERROR  indexes.c:386             Failed to create index with oid 17122, see above for details
2026-10-07 21:52:04.845 30116 ERROR  catalog.c:11039           Failed to execute statement: delete from process where pid = $1
2026-10-07 21:52:04.846 30116 ERROR  catalog.c:11049           [SQLite 5: database is locked]: database is locked
2026-10-07 21:52:04.846 30116 ERROR  catalog.c:11006           Failed to execute SQLite query, see above for details
2026-10-07 21:52:04.846 30116 WARN   indexes.c:415             Failed to delete catalog process entry for pid 30116
2026-10-07 21:52:04.846 30116 ERROR  catalog.c:1683            Failed to close "/var/tmp/upwell-spike/runs/s09-quiet/clone/schema/source.db":
2026-10-07 21:52:04.846 30116 ERROR  catalog.c:1684            [SQLite]: unable to close due to unfinalized statements or unfinished backups
2026-10-07 21:52:04.849 30069 INFO   pgsql.c:4864              Reported write_lsn 2/33D225C8, flush_lsn 2/33D1CD10, replay_lsn 0/0
2026-10-07 21:52:04.930 30099 ERROR  copydb.c:777              Sub-process 30116 exited with code 12
2026-10-07 21:52:04.930 30099 ERROR  indexes.c:159             Some INDEX worker process(es) have exited with error, see above for details
2026-10-07 21:52:04.930 30099 ERROR  indexes.c:59              Failed to create indexes, see above for details
2026-10-07 21:52:05.033 30067 ERROR  copydb.c:777              Sub-process 30099 exited with code 12
2026-10-07 21:52:05.034 30067 ERROR  table-data.c:207          Some sub-processes have exited with error status, see above for details
2026-10-07 21:52:05.034 30067 ERROR  table-data.c:214          Errors detected, see above for details
2026-10-07 21:52:05.034 30067 FATAL  table-data.c:71           Failed to COPY the data, see above for details
2026-10-07 21:52:05.034 30067 ERROR  cli_clone_follow.c:942    Failed to clone source database, see above for details
2026-10-07 21:52:05.179 30049 ERROR  cli_clone_follow.c:1202   clone process 30067 has terminated [6]
2026-10-07 21:52:05.329 30049 WARN   cli_clone_follow.c:739    Failed to clone the source database, see above for details
2026-10-07 21:52:05.329 30049 FATAL  copydb.c:694              Terminating all processes in our process group
2026-10-07 21:52:05.329 30070 INFO   ld_apply.c:1311           Apply process received a shutdown signal while waiting for apply mode, quitting now
2026-10-07 21:52:05.330 30069 INFO   ld_stream.c:1211          Now streaming changes for WAL segment "000000010000000200000033"
2026-10-07 21:52:05.330 30070 INFO   follow.c:797              Apply process has terminated
2026-10-07 21:52:05.332 30069 INFO   pgsql.c:4864              Reported write_lsn 2/33D225C8, flush_lsn 2/33D225C8, replay_lsn 0/0
2026-10-07 21:52:05.332 30069 INFO   ld_stream.c:735           Streamed up to write_lsn 2/33D225C8, flush_lsn 2/33D225C8, reconnecting in 1s 
2026-10-07 21:52:06.343 30069 INFO   ld_store.c:110            Opening output CDC file "/var/tmp/upwell-spike/runs/s09-quiet/clone/cdc/00000001-00000002-33D1CD10-output.db"
2026-10-07 21:52:06.345 30069 INFO   pgsql.c:4864              Reported write_lsn 2/33D1CD10, flush_lsn 2/33D1CD10, replay_lsn 0/0
2026-10-07 21:52:16.352 30069 INFO   pgsql.c:4864              Reported write_lsn 2/33D225C8, flush_lsn 2/33D1CD10, replay_lsn 0/0
2026-10-07 21:52:26.360 30069 INFO   pgsql.c:4864              Reported write_lsn 2/33D22600, flush_lsn 2/33D225C8, replay_lsn 0/0
2026-10-07 21:52:36.369 30069 INFO   pgsql.c:4864              Reported write_lsn 2/33D22600, flush_lsn 2/33D22600, replay_lsn 0/0
2026-10-07 21:52:46.378 30069 INFO   pgsql.c:4864              Reported write_lsn 2/33D22600, flush_lsn 2/33D22600, replay_lsn 0/0
2026-10-07 21:52:56.388 30069 INFO   pgsql.c:4864              Reported write_lsn 2/33D22600, flush_lsn 2/33D22600, replay_lsn 0/0
2026-10-07 21:53:06.398 30069 INFO   pgsql.c:4864              Reported write_lsn 2/33D22600, flush_lsn 2/33D22600, replay_lsn 0/0
2026-10-07 21:53:16.399 30069 INFO   pgsql.c:4864              Reported write_lsn 2/33D22600, flush_lsn 2/33D22600, replay_lsn 0/0
2026-10-07 21:53:26.407 30069 INFO   pgsql.c:4864              Reported write_lsn 2/33D22600, flush_lsn 2/33D22600, replay_lsn 0/0
2026-10-07 21:53:36.416 30069 INFO   pgsql.c:4864              Reported write_lsn 2/33D22600, flush_lsn 2/33D22600, replay_lsn 0/0
2026-10-07 21:53:46.417 30069 INFO   pgsql.c:4864              Reported write_lsn 2/33D22600, flush_lsn 2/33D22600, replay_lsn 0/0
2026-10-07 21:53:57.418 30069 INFO   pgsql.c:4864              Reported write_lsn 2/33D22600, flush_lsn 2/33D22600, replay_lsn 0/0
2026-10-07 21:54:07.427 30069 INFO   pgsql.c:4864              Reported write_lsn 2/33D22600, flush_lsn 2/33D22600, replay_lsn 0/0
2026-10-07 21:54:17.436 30069 INFO   pgsql.c:4864              Reported write_lsn 2/33D22600, flush_lsn 2/33D22600, replay_lsn 0/0
2026-10-07 21:54:27.446 30069 INFO   pgsql.c:4864              Reported write_lsn 2/33D22600, flush_lsn 2/33D22600, replay_lsn 0/0
2026-10-07 21:54:37.451 30069 INFO   pgsql.c:4864              Reported write_lsn 2/33D22600, flush_lsn 2/33D22600, replay_lsn 0/0
2026-10-07 21:54:47.459 30069 INFO   pgsql.c:4864              Reported write_lsn 2/33D22600, flush_lsn 2/33D22600, replay_lsn 0/0
2026-10-07 21:54:57.467 30069 INFO   pgsql.c:4864              Reported write_lsn 2/33D22600, flush_lsn 2/33D22600, replay_lsn 0/0
2026-10-07 21:55:07.476 30069 INFO   pgsql.c:4864              Reported write_lsn 2/33D22600, flush_lsn 2/33D22600, replay_lsn 0/0
2026-10-07 21:55:17.483 30069 INFO   pgsql.c:4864              Reported write_lsn 2/33D22600, flush_lsn 2/33D22600, replay_lsn 0/0
2026-10-07 21:55:27.491 30069 INFO   pgsql.c:4864              Reported write_lsn 2/33D22600, flush_lsn 2/33D22600, replay_lsn 0/0
2026-10-07 21:55:37.499 30069 INFO   pgsql.c:4864              Reported write_lsn 2/33D22600, flush_lsn 2/33D22600, replay_lsn 0/0
2026-10-07 21:55:47.508 30069 INFO   pgsql.c:4864              Reported write_lsn 2/33D22600, flush_lsn 2/33D22600, replay_lsn 0/0
2026-10-07 21:55:58.509 30069 INFO   pgsql.c:4864              Reported write_lsn 2/33D22600, flush_lsn 2/33D22600, replay_lsn 0/0
2026-10-07 21:56:08.519 30069 INFO   pgsql.c:4864              Reported write_lsn 2/33D22600, flush_lsn 2/33D22600, replay_lsn 0/0
2026-10-07 21:56:18.528 30069 INFO   pgsql.c:4864              Reported write_lsn 2/33D22600, flush_lsn 2/33D22600, replay_lsn 0/0
2026-10-07 21:56:28.534 30069 INFO   pgsql.c:4864              Reported write_lsn 2/33D22600, flush_lsn 2/33D22600, replay_lsn 0/0
2026-10-07 21:56:38.544 30069 INFO   pgsql.c:4864              Reported write_lsn 2/33D22600, flush_lsn 2/33D22600, replay_lsn 0/0
2026-10-07 21:56:48.553 30069 INFO   pgsql.c:4864              Reported write_lsn 2/33D22600, flush_lsn 2/33D22600, replay_lsn 0/0
2026-10-07 21:56:54.221 30069 INFO   pgsql.c:4864              Reported write_lsn 2/33D22600, flush_lsn 2/33D22600, replay_lsn 0/0
2026-10-07 21:56:54.221 30069 INFO   ld_stream.c:735           Streamed up to write_lsn 2/33D22600, flush_lsn 2/33D22600, reconnecting in 1s 
2026-10-07 21:56:55.232 30069 INFO   ld_store.c:110            Opening output CDC file "/var/tmp/upwell-spike/runs/s09-quiet/clone/cdc/00000001-00000002-33D1CD10-output.db"
2026-10-07 21:56:55.233 30069 INFO   pgsql.c:4864              Reported write_lsn 2/33D1CD10, flush_lsn 2/33D1CD10, replay_lsn 0/0
2026-10-07 21:57:05.244 30069 INFO   pgsql.c:4864              Reported write_lsn 2/33D22600, flush_lsn 2/33D1CD10, replay_lsn 0/0
