2026-10-07 19:59:50.151 23095 INFO   main.c:150                Running pgcopydb version 0.18 from "/usr/local/bin/pgcopydb"
2026-10-07 19:59:50.152 23095 INFO   cli_common.c:1394         [SOURCE] Copying database from "postgres://doadmin@127.0.0.1:55432/prune?sslmode=disable&keepalives=1&keepalives_idle=10&keepalives_interval=10&keepalives_count=60"
2026-10-07 19:59:50.152 23095 INFO   cli_common.c:1395         [TARGET] Copying database into "postgres://doadmin@127.0.0.1:55433/prune?sslmode=disable&keepalives=1&keepalives_idle=10&keepalives_interval=10&keepalives_count=60"
2026-10-07 19:59:50.235 23095 INFO   pgsql.c:5470              Creating publication "upwell_s08_prune"
2026-10-07 19:59:50.262 23095 INFO   pgsql.c:4145              Created logical replication slot "upwell_s08_prune" with plugin "pgoutput" at 0/503BBE48 and exported snapshot 00000003-0000AF32-1
2026-10-07 19:59:50.263 23095 INFO   ld_store.c:110            Creating output CDC file "/var/tmp/upwell-spike/runs/s08/clone/cdc/00000001-00000000-503BBE48-output.db"
2026-10-07 19:59:50.284 23095 INFO   ld_stream.c:2347          Created logical replication origin "upwell_s08_prune" at LSN 0/503BBE48
2026-10-07 19:59:50.375 23095 INFO   copydb_schema.c:776       Fetched information for 3 tables (including 0 tables split in 0 partitions total), with an estimated total of 2 999 tuples and 280 kB on-disk
2026-10-07 19:59:50.384 23095 INFO   copydb_schema.c:999       Fetched information for 4 indexes (supporting 3 constraints)
2026-10-07 19:59:50.389 23095 INFO   sequences.c:78            Fetching information for 1 sequences
2026-10-07 19:59:50.395 23095 INFO   copydb_schema.c:1242      Fetched information for 1 extensions
2026-10-07 19:59:50.439 23095 INFO   copydb_schema.c:1717      Found 0 indexes (supporting 0 constraints) in the target database
2026-10-07 19:59:50.451 23113 INFO   cli_clone_follow.c:981    STEP 1: fetch source database tables, indexes, and sequences
2026-10-07 19:59:50.454 23114 INFO   ld_ipc.c:101              Listening on TCP socket: 127.0.0.1:57001
2026-10-07 19:59:50.454 23114 INFO   follow_coordinator.c:43   Follow coordinator listening on 127.0.0.1:57001
2026-10-07 19:59:50.457 23115 INFO   ld_stream.c:847           Resuming streaming at LSN 0/503BBE48 (sentinel startpos)
2026-10-07 19:59:50.458 23116 INFO   ld_apply.c:1374           Waiting until the pgcopydb sentinel apply is enabled
2026-10-07 19:59:50.468 23115 INFO   ld_stream.c:870           Replication slot "upwell_s08_prune" current lsn is 0/503BBE10
2026-10-07 19:59:50.479 23115 INFO   ld_store.c:110            Opening output CDC file "/var/tmp/upwell-spike/runs/s08/clone/cdc/00000001-00000000-503BBE48-output.db"
2026-10-07 19:59:50.480 23115 INFO   pgsql.c:4864              Reported write_lsn 0/503BBE48, flush_lsn 0/503BBE48, replay_lsn 0/0
2026-10-07 19:59:50.518 23113 INFO   copydb_schema.c:1717      Found 0 indexes (supporting 0 constraints) in the target database
2026-10-07 19:59:50.519 23113 INFO   cli_clone_follow.c:1022   STEP 2: dump the source database schema (pre/post data)
2026-10-07 19:59:50.519 23113 INFO   pgcmd.c:470                /usr/bin/pg_dump -Fc --snapshot 00000003-0000AF32-1 --section=pre-data --section=post-data --file /var/tmp/upwell-spike/runs/s08/clone/schema/schema.dump 'postgres://doadmin@127.0.0.1:55432/prune?sslmode=disable&keepalives=1&keepalives_idle=10&keepalives_interval=10&keepalives_count=60'
2026-10-07 19:59:50.612 23113 INFO   cli_clone_follow.c:1030   STEP 3: restore the pre-data section to the target database
2026-10-07 19:59:50.654 23113 INFO   pgcmd.c:1030               /usr/bin/pg_restore --dbname 'postgres://doadmin@127.0.0.1:55433/prune?sslmode=disable&keepalives=1&keepalives_idle=10&keepalives_interval=10&keepalives_count=60' --section pre-data --jobs 2 --no-owner --use-list /var/tmp/upwell-spike/runs/s08/clone/schema/pre-filtered.list /var/tmp/upwell-spike/runs/s08/clone/schema/schema.dump
2026-10-07 19:59:50.737 23141 INFO   vacuum.c:166              STEP 8: starting 2 VACUUM processes
2026-10-07 19:59:50.737 23139 INFO   table-data.c:708          STEP 4: starting 2 table-data COPY processes
2026-10-07 19:59:50.746 23140 INFO   indexes.c:218             STEP 6: starting 2 CREATE INDEX processes
2026-10-07 19:59:50.746 23140 INFO   indexes.c:219             STEP 7: constraints are built by the CREATE INDEX processes
2026-10-07 19:59:50.749 23113 INFO   blobs.c:74                Skipping large objects: none found.
2026-10-07 19:59:50.751 23113 INFO   sequences.c:194           STEP 9: reset sequences values
2026-10-07 19:59:50.756 23154 INFO   sequences.c:290           Set sequences values on the target database
2026-10-07 19:59:51.054 23113 INFO   cli_clone_follow.c:1046   STEP 10: restore the post-data section to the target database
2026-10-07 19:59:51.087 23113 INFO   pgcmd.c:1030               /usr/bin/pg_restore --dbname 'postgres://doadmin@127.0.0.1:55433/prune?sslmode=disable&keepalives=1&keepalives_idle=10&keepalives_interval=10&keepalives_count=60' --section post-data --jobs 2 --no-owner --use-list /var/tmp/upwell-spike/runs/s08/clone/schema/post-filtered.list /var/tmp/upwell-spike/runs/s08/clone/schema/schema.dump
2026-10-07 19:59:51.156 23113 INFO   cli_clone_follow.c:1061   Updating the pgcopydb.sentinel to enable applying changes
2026-10-07 19:59:51.158 23113 INFO   cli_clone_follow.c:1077   All step are now done, 638ms elapsed
2026-10-07 19:59:51.158 23113 INFO   summary.c:3631            Printing summary for 3 tables and 4 indexes

  OID | Schema |   Name | Parts | copy duration | transmitted bytes | indexes | create index 
------+--------+--------+-------+---------------+-------------------+---------+-------------
16736 | public |  items |     1 |          11ms |             31 kB |       1 |          6ms
16727 | public | orders |     1 |          11ms |             74 kB |       2 |          7ms
16750 | public |    big |     1 |           3ms |               0 B |       1 |          2ms


                                               Step   Connection    Duration    Transfer   Concurrency
 --------------------------------------------------   ----------  ----------  ----------  ------------
   Catalog Queries (table ordering, filtering, etc)       source        65ms                         1
                                        Dump Schema       source        92ms                         1
                                     Prepare Schema       target       112ms                         1
      COPY, INDEX, CONSTRAINTS, VACUUM (wall clock)         both       325ms                         6
                                  COPY (cumulative)         both        25ms      105 kB             2
                          CREATE INDEX (cumulative)       target        12ms                         2
                           CONSTRAINTS (cumulative)       target         3ms                         2
                                VACUUM (cumulative)       target        32ms                         2
                                    Reset Sequences         both        13ms                         1
                         Large Objects (cumulative)         both         0ms                         4
                                    Finalize Schema         both       101ms                         2
 --------------------------------------------------   ----------  ----------  ----------  ------------
                          Total Wall Clock Duration         both       638ms                        12

2026-10-07 19:59:51.458 23116 INFO   ld_apply.c:1384           The pgcopydb sentinel has enabled applying changes
2026-10-07 19:59:51.476 23116 INFO   ld_apply.c:2489           Setting up previous LSN from replication origin "upwell_s08_prune" progress at 0/503BBE48
2026-10-07 19:59:51.478 23116 INFO   ld_store.c:110            Opening output CDC file "/var/tmp/upwell-spike/runs/s08/clone/cdc/00000001-00000000-503BBE48-output.db"
2026-10-07 19:59:51.478 23116 INFO   ld_store.c:165            Creating replay CDC file "/var/tmp/upwell-spike/runs/s08/clone/cdc/00000001-00000000-503BBE48-replay.db"
2026-10-07 19:59:51.498 23116 INFO   ld_apply.c:1260           Catchup-up with changes from LSN 0/503BBE48
2026-10-07 19:59:51.508 23116 INFO   ld_apply.c:203            Applying CDC changes from replayDB "/var/tmp/upwell-spike/runs/s08/clone/cdc/00000001-00000000-503BBE48-replay.db" after LSN 0/503BBE48
2026-10-07 20:00:00.485 23115 INFO   pgsql.c:4864              Reported write_lsn 0/50CE30A0, flush_lsn 0/503BBE48, replay_lsn 0/503BBE48
2026-10-07 20:00:00.486 23115 INFO   ld_stream.c:1211          Now streaming changes for WAL segment "000000010000000000000050"
2026-10-07 20:00:10.488 23115 INFO   pgsql.c:4864              Reported write_lsn 0/52063420, flush_lsn 0/503BBE48, replay_lsn 0/503BBE48
2026-10-07 20:00:10.489 23115 INFO   ld_stream.c:1211          Now streaming changes for WAL segment "000000010000000000000052"
2026-10-07 20:00:20.488 23115 INFO   pgsql.c:4864              Reported write_lsn 0/53326FA8, flush_lsn 0/503BBE48, replay_lsn 0/503BBE48
2026-10-07 20:00:20.488 23115 INFO   ld_stream.c:1211          Now streaming changes for WAL segment "000000010000000000000053"
2026-10-07 20:00:30.489 23115 INFO   pgsql.c:4864              Reported write_lsn 0/54607AE0, flush_lsn 0/503BBE48, replay_lsn 0/503BBE48
2026-10-07 20:00:30.489 23115 INFO   ld_stream.c:1211          Now streaming changes for WAL segment "000000010000000000000054"
2026-10-07 20:00:40.489 23115 INFO   pgsql.c:4864              Reported write_lsn 0/55703530, flush_lsn 0/503BBE48, replay_lsn 0/503BBE48
2026-10-07 20:00:40.489 23115 INFO   ld_stream.c:1211          Now streaming changes for WAL segment "000000010000000000000055"
2026-10-07 20:00:50.489 23115 INFO   pgsql.c:4864              Reported write_lsn 0/56931BA8, flush_lsn 0/503BBE48, replay_lsn 0/503BBE48
2026-10-07 20:00:50.490 23115 INFO   ld_stream.c:1211          Now streaming changes for WAL segment "000000010000000000000056"
2026-10-07 20:01:00.489 23115 INFO   pgsql.c:4864              Reported write_lsn 0/5719FFF8, flush_lsn 0/56CC33C8, replay_lsn 0/56CC33C8
2026-10-07 20:01:00.490 23115 INFO   ld_stream.c:1211          Now streaming changes for WAL segment "000000010000000000000057"
2026-10-07 20:01:10.490 23115 INFO   pgsql.c:4864              Reported write_lsn 0/58634EC0, flush_lsn 0/56CC33C8, replay_lsn 0/56CC33C8
2026-10-07 20:01:10.490 23115 INFO   ld_stream.c:1211          Now streaming changes for WAL segment "000000010000000000000058"
2026-10-07 20:01:20.490 23115 INFO   pgsql.c:4864              Reported write_lsn 0/59ADBD20, flush_lsn 0/56CC33C8, replay_lsn 0/56CC33C8
2026-10-07 20:01:20.490 23115 INFO   ld_stream.c:1211          Now streaming changes for WAL segment "000000010000000000000059"
2026-10-07 20:01:30.490 23115 INFO   pgsql.c:4864              Reported write_lsn 0/5AF54A18, flush_lsn 0/56CC33C8, replay_lsn 0/56CC33C8
2026-10-07 20:01:30.491 23115 INFO   ld_stream.c:1211          Now streaming changes for WAL segment "00000001000000000000005A"
2026-10-07 20:01:40.490 23115 INFO   pgsql.c:4864              Reported write_lsn 0/5C3067F8, flush_lsn 0/56CC33C8, replay_lsn 0/56CC33C8
2026-10-07 20:01:40.491 23115 INFO   ld_stream.c:1211          Now streaming changes for WAL segment "00000001000000000000005C"
2026-10-07 20:01:52.641 23115 INFO   pgsql.c:4864              Reported write_lsn 0/5D5E4CC0, flush_lsn 0/56CC33C8, replay_lsn 0/56CC33C8
2026-10-07 20:01:52.643 23115 INFO   ld_stream.c:1211          Now streaming changes for WAL segment "00000001000000000000005D"
2026-10-07 20:02:02.642 23115 INFO   pgsql.c:4864              Reported write_lsn 0/5E8DE758, flush_lsn 0/5D5CB088, replay_lsn 0/5D5CB088
2026-10-07 20:02:02.642 23115 INFO   ld_stream.c:1211          Now streaming changes for WAL segment "00000001000000000000005E"
2026-10-07 20:02:12.641 23115 INFO   pgsql.c:4864              Reported write_lsn 0/5FCC1E20, flush_lsn 0/5D5CB088, replay_lsn 0/5D5CB088
2026-10-07 20:02:12.642 23115 INFO   ld_stream.c:1211          Now streaming changes for WAL segment "00000001000000000000005F"
2026-10-07 20:02:22.777 23115 INFO   pgsql.c:4864              Reported write_lsn 0/6103D3E0, flush_lsn 0/5D5CB088, replay_lsn 0/5D5CB088
2026-10-07 20:02:22.778 23115 INFO   ld_stream.c:1211          Now streaming changes for WAL segment "000000010000000000000061"
2026-10-07 20:02:32.778 23115 INFO   pgsql.c:4864              Reported write_lsn 0/62491088, flush_lsn 0/5D5CB088, replay_lsn 0/5D5CB088
2026-10-07 20:02:32.779 23115 INFO   ld_stream.c:1211          Now streaming changes for WAL segment "000000010000000000000062"
2026-10-07 20:02:42.778 23115 INFO   pgsql.c:4864              Reported write_lsn 0/638F7570, flush_lsn 0/5D5CB088, replay_lsn 0/5D5CB088
2026-10-07 20:02:42.778 23115 INFO   ld_stream.c:1211          Now streaming changes for WAL segment "000000010000000000000063"
2026-10-07 20:02:52.683 23115 ERROR  pgsql.c:4765              unexpected termination of replication stream: FATAL:  terminating connection due to administrator command
2026-10-07 20:02:52.683 23115 ERROR  pgsql.c:2625              Failed to process Postgres notifications: FATAL:  terminating connection due to administrator command
2026-10-07 20:02:52.683 23115 ERROR  pgsql.c:2592              [Postgres] FATAL:  terminating connection due to administrator command
2026-10-07 20:02:52.683 23115 WARN   ld_stream.c:751           Streaming got interrupted at 0/645CBD58, reconnecting in 1s
2026-10-07 20:02:53.695 23115 ERROR  pgsql.c:4285              Failed to send replication command:
2026-10-07 20:02:53.695 23115 ERROR  pgsql.c:3313              [SOURCE 28571] [55000] ERROR:  can no longer get changes from replication slot "upwell_s08_prune"
2026-10-07 20:02:53.695 23115 ERROR  pgsql.c:3321              [SOURCE 28571] DETAIL:  This slot has been invalidated because it exceeded the maximum reserved size.
2026-10-07 20:02:53.695 23115 ERROR  pgsql.c:3328              [SOURCE 28571] Context: START_REPLICATION SLOT "upwell_s08_prune" LOGICAL 0/503BBE48 ("proto_version" '1', "publication_names" 'upwell_s08_prune')
2026-10-07 20:02:53.695 23115 INFO   follow.c:738              Prefetch process has terminated
2026-10-07 20:02:53.739 23114 ERROR  follow.c:1029             Subprocess receive with pid 23115 has exited with error code 12
2026-10-07 20:02:53.739 23114 ERROR  follow.c:1057             Process receive has exited with error code 12, terminating other processes
2026-10-07 20:02:53.740 23116 INFO   ld_apply.c:247            Apply process received a shutdown signal, stopping
2026-10-07 20:02:53.746 23116 INFO   sentinel.c:853            pipeline_state_end: apply done at 0/63ED2D00
2026-10-07 20:02:53.797 23116 INFO   follow.c:797              Apply process has terminated
2026-10-07 20:02:54.040 23114 ERROR  follow.c:678              Some sub-process exited with errors, see above for details
2026-10-07 20:02:54.041 23114 ERROR  follow.c:346              Failed to follow changes from source, see above for details
2026-10-07 20:02:54.102 23095 ERROR  cli_clone_follow.c:1202   follow process 23114 has terminated [12]
