2026-10-07 19:47:34.383 15272 INFO   main.c:150                Running pgcopydb version 0.18 from "/usr/local/bin/pgcopydb"
2026-10-07 19:47:34.384 15272 INFO   cli_common.c:1394         [SOURCE] Copying database from "postgres://doadmin@127.0.0.1:55432/nudge?sslmode=disable&keepalives=1&keepalives_idle=10&keepalives_interval=10&keepalives_count=60"
2026-10-07 19:47:34.384 15272 INFO   cli_common.c:1395         [TARGET] Copying database into "postgres://doadmin@127.0.0.1:55433/nudge?sslmode=disable&keepalives=1&keepalives_idle=10&keepalives_interval=10&keepalives_count=60"
2026-10-07 19:47:34.448 15272 INFO   pgsql.c:5470              Creating publication "upwell_s05_pgoutput_idle"
2026-10-07 19:47:34.472 15272 INFO   pgsql.c:4145              Created logical replication slot "upwell_s05_pgoutput_idle" with plugin "pgoutput" at 0/4F9D78B8 and exported snapshot 00000003-0000AA0B-1
2026-10-07 19:47:34.473 15272 INFO   ld_store.c:110            Creating output CDC file "/var/tmp/upwell-spike/runs/s05/pgoutput-idle/clone/cdc/00000001-00000000-4F9D78B8-output.db"
2026-10-07 19:47:34.490 15272 INFO   ld_stream.c:2347          Created logical replication origin "upwell_s05_pgoutput_idle" at LSN 0/4F9D78B8
2026-10-07 19:47:34.559 15272 INFO   copydb_schema.c:776       Fetched information for 2 tables (including 0 tables split in 0 partitions total), with an estimated total of 150 000 tuples and 10 MB on-disk
2026-10-07 19:47:34.567 15272 INFO   copydb_schema.c:999       Fetched information for 3 indexes (supporting 2 constraints)
2026-10-07 19:47:34.570 15272 INFO   sequences.c:78            Fetching information for 1 sequences
2026-10-07 19:47:34.575 15272 INFO   copydb_schema.c:1242      Fetched information for 1 extensions
2026-10-07 19:47:34.617 15272 INFO   copydb_schema.c:1717      Found 0 indexes (supporting 0 constraints) in the target database
2026-10-07 19:47:34.640 15300 INFO   cli_clone_follow.c:981    STEP 1: fetch source database tables, indexes, and sequences
2026-10-07 19:47:34.648 15304 INFO   ld_stream.c:847           Resuming streaming at LSN 0/4F9D78B8 (sentinel startpos)
2026-10-07 19:47:34.648 15305 INFO   ld_apply.c:1374           Waiting until the pgcopydb sentinel apply is enabled
2026-10-07 19:47:34.659 15304 INFO   ld_stream.c:870           Replication slot "upwell_s05_pgoutput_idle" current lsn is 0/4F9D7880
2026-10-07 19:47:34.671 15304 INFO   ld_store.c:110            Opening output CDC file "/var/tmp/upwell-spike/runs/s05/pgoutput-idle/clone/cdc/00000001-00000000-4F9D78B8-output.db"
2026-10-07 19:47:34.672 15304 INFO   pgsql.c:4864              Reported write_lsn 0/4F9D78B8, flush_lsn 0/4F9D78B8, replay_lsn 0/0
2026-10-07 19:47:34.708 15300 INFO   copydb_schema.c:1717      Found 0 indexes (supporting 0 constraints) in the target database
2026-10-07 19:47:34.709 15300 INFO   cli_clone_follow.c:1022   STEP 2: dump the source database schema (pre/post data)
2026-10-07 19:47:34.709 15300 INFO   pgcmd.c:470                /usr/bin/pg_dump -Fc --snapshot 00000003-0000AA0B-1 --section=pre-data --section=post-data --file /var/tmp/upwell-spike/runs/s05/pgoutput-idle/clone/schema/schema.dump 'postgres://doadmin@127.0.0.1:55432/nudge?sslmode=disable&keepalives=1&keepalives_idle=10&keepalives_interval=10&keepalives_count=60'
2026-10-07 19:47:34.804 15300 INFO   cli_clone_follow.c:1030   STEP 3: restore the pre-data section to the target database
2026-10-07 19:47:34.846 15300 INFO   pgcmd.c:1030               /usr/bin/pg_restore --dbname 'postgres://doadmin@127.0.0.1:55433/nudge?sslmode=disable&keepalives=1&keepalives_idle=10&keepalives_interval=10&keepalives_count=60' --section pre-data --jobs 2 --no-owner --use-list /var/tmp/upwell-spike/runs/s05/pgoutput-idle/clone/schema/pre-filtered.list /var/tmp/upwell-spike/runs/s05/pgoutput-idle/clone/schema/schema.dump
2026-10-07 19:47:34.940 15340 INFO   vacuum.c:166              STEP 8: starting 2 VACUUM processes
2026-10-07 19:47:34.940 15338 INFO   table-data.c:708          STEP 4: starting 2 table-data COPY processes
2026-10-07 19:47:34.947 15300 INFO   blobs.c:74                Skipping large objects: none found.
2026-10-07 19:47:34.954 15339 INFO   indexes.c:218             STEP 6: starting 2 CREATE INDEX processes
2026-10-07 19:47:34.954 15339 INFO   indexes.c:219             STEP 7: constraints are built by the CREATE INDEX processes
2026-10-07 19:47:34.954 15300 INFO   sequences.c:194           STEP 9: reset sequences values
2026-10-07 19:47:34.959 15355 INFO   sequences.c:290           Set sequences values on the target database
2026-10-07 19:47:35.361 15300 INFO   cli_clone_follow.c:1046   STEP 10: restore the post-data section to the target database
2026-10-07 19:47:35.390 15300 INFO   pgcmd.c:1030               /usr/bin/pg_restore --dbname 'postgres://doadmin@127.0.0.1:55433/nudge?sslmode=disable&keepalives=1&keepalives_idle=10&keepalives_interval=10&keepalives_count=60' --section post-data --jobs 2 --no-owner --use-list /var/tmp/upwell-spike/runs/s05/pgoutput-idle/clone/schema/post-filtered.list /var/tmp/upwell-spike/runs/s05/pgoutput-idle/clone/schema/schema.dump
2026-10-07 19:47:35.473 15300 INFO   cli_clone_follow.c:1061   Updating the pgcopydb.sentinel to enable applying changes
2026-10-07 19:47:35.474 15300 INFO   cli_clone_follow.c:1077   All step are now done, 765ms elapsed
2026-10-07 19:47:35.475 15300 INFO   summary.c:3631            Printing summary for 2 tables and 3 indexes

  OID | Schema |   Name | Parts | copy duration | transmitted bytes | indexes | create index 
------+--------+--------+-------+---------------+-------------------+---------+-------------
16676 | public |  items |     1 |          60ms |           1812 kB |       1 |         41ms
16667 | public | orders |     1 |          91ms |           3836 kB |       2 |         45ms


                                               Step   Connection    Duration    Transfer   Concurrency
 --------------------------------------------------   ----------  ----------  ----------  ------------
   Catalog Queries (table ordering, filtering, etc)       source        65ms                         1
                                        Dump Schema       source        94ms                         1
                                     Prepare Schema       target       124ms                         1
      COPY, INDEX, CONSTRAINTS, VACUUM (wall clock)         both       429ms                         6
                                  COPY (cumulative)         both       151ms     5648 kB             2
                          CREATE INDEX (cumulative)       target        84ms                         2
                           CONSTRAINTS (cumulative)       target         2ms                         2
                                VACUUM (cumulative)       target       143ms                         2
                                    Reset Sequences         both        11ms                         1
                         Large Objects (cumulative)         both         0ms                         4
                                    Finalize Schema         both       112ms                         2
 --------------------------------------------------   ----------  ----------  ----------  ------------
                          Total Wall Clock Duration         both       765ms                        12

2026-10-07 19:47:35.649 15305 INFO   ld_apply.c:1384           The pgcopydb sentinel has enabled applying changes
2026-10-07 19:47:35.666 15305 INFO   ld_apply.c:2489           Setting up previous LSN from replication origin "upwell_s05_pgoutput_idle" progress at 0/4F9D78B8
2026-10-07 19:47:35.668 15305 INFO   ld_store.c:110            Opening output CDC file "/var/tmp/upwell-spike/runs/s05/pgoutput-idle/clone/cdc/00000001-00000000-4F9D78B8-output.db"
2026-10-07 19:47:35.668 15305 INFO   ld_store.c:165            Creating replay CDC file "/var/tmp/upwell-spike/runs/s05/pgoutput-idle/clone/cdc/00000001-00000000-4F9D78B8-replay.db"
2026-10-07 19:47:35.674 15305 INFO   ld_apply.c:1260           Catchup-up with changes from LSN 0/4F9D78B8
2026-10-07 19:47:35.682 15305 INFO   ld_apply.c:203            Applying CDC changes from replayDB "/var/tmp/upwell-spike/runs/s05/pgoutput-idle/clone/cdc/00000001-00000000-4F9D78B8-replay.db" after LSN 0/4F9D78B8
2026-10-07 19:47:44.673 15304 INFO   pgsql.c:4864              Reported write_lsn 0/4F9FE110, flush_lsn 0/4F9DB858, replay_lsn 0/4F9DB858
2026-10-07 19:47:47.294 15304 INFO   ld_stream.c:1211          Now streaming changes for WAL segment "00000001000000000000004F"
2026-10-07 19:47:48.134 15789 INFO   main.c:150                Running pgcopydb version 0.18 from "/usr/local/bin/pgcopydb"
2026-10-07 19:47:48.147 15789 INFO   cli_sentinel.c:600        Fetched endpos 0/4FA03930 from source database
2026-10-07 19:47:48.151 15789 INFO   cli_sentinel.c:650        pgcopydb sentinel endpos has been set to 0/4FA03930
0/4FA03930
2026-10-07 19:47:54.676 15304 INFO   pgsql.c:4855              endpos is now set to 0/4FA03930
2026-10-07 19:47:54.676 15304 INFO   pgsql.c:4864              Reported write_lsn 0/4FA03968, flush_lsn 0/4F9FDEB8, replay_lsn 0/4F9FDEB8
2026-10-07 19:48:04.690 15304 INFO   pgsql.c:4864              Reported write_lsn 0/4FA03968, flush_lsn 0/4F9FE110, replay_lsn 0/4F9FE110
2026-10-07 19:48:04.844 15305 INFO   ld_apply.c:635            Apply reached endpos 0/4FA03930
2026-10-07 19:48:04.846 15305 INFO   sentinel.c:853            pipeline_state_end: apply done at 0/4FA03968
2026-10-07 19:48:04.846 15305 INFO   follow.c:797              Apply process has terminated
2026-10-07 19:48:14.700 15304 INFO   pgsql.c:4864              Reported write_lsn 0/4FA03968, flush_lsn 0/4FA03968, replay_lsn 0/4FA03968
2026-10-07 19:48:18.225 15304 INFO   pgsql.c:4864              Reported write_lsn 0/4FA039E0, flush_lsn 0/4FA03968, replay_lsn 0/4FA03968
2026-10-07 19:48:18.226 15304 INFO   ld_stream.c:1251          streamCloseFile: receive done at 0/4FA039E0, signalling transform
2026-10-07 19:48:18.226 15304 INFO   ld_stream.c:727           Streamed up to write_lsn 0/4FA039E0, flush_lsn 0/4FA03968, stopping: endpos is 0/4FA03930
2026-10-07 19:48:18.227 15304 INFO   sentinel.c:853            pipeline_state_end: receive done at 0/4FA03930
2026-10-07 19:48:18.227 15304 INFO   follow.c:738              Prefetch process has terminated
2026-10-07 19:48:18.312 15303 INFO   follow.c:671              Subprocesses for receive and apply have now all exited
2026-10-07 19:48:18.312 15303 INFO   follow.c:279              Current sentinel replay_lsn is 0/4FA03968, endpos has now been set to 0/4FA03930
2026-10-07 19:48:18.312 15303 INFO   follow.c:461              Current endpos 0/4FA03930 has been reached at replay_lsn 0/4FA03968
2026-10-07 19:48:18.312 15303 INFO   follow.c:367              Follow mode is now done, reached endpos 0/4FA03930 with replay_lsn 0/4FA03968
2026-10-07 19:48:18.496 15272 INFO   copydb_schema.c:376       A previous run has run through completion
2026-10-07 19:48:18.497 15272 INFO   copydb_schema.c:50        Re-using catalog caches
2026-10-07 19:48:18.497 15272 INFO   sequences.c:290           Reset sequences values on the target database
2026-10-07 19:48:18.497 15272 INFO   sequences.c:78            Fetching information for 1 sequences
